=== RENDER_COMPACT_HEARTBEAT (produce_bet.py) ===
Traceback (most recent call last):
  File "C:\Users\Motunrayo\omniroute test\olp_xdv_agent\olp_xdv\test_renderers.py", line 57, in <module>
    print(render_compact_heartbeat(objs))
    ~~~~~^^^^^^^^^^^^^^^^^^^^^^^^^^^^^^^^
  File "C:\Python314\Lib\encodings\cp1252.py", line 19, in encode
    return codecs.charmap_encode(input,self.errors,encoding_table)[0]
           ~~~~~~~~~~~~~~~~~~~~~^^^^^^^^^^^^^^^^^^^^^^^^^^^^^^^^^^
UnicodeEncodeError: 'charmap' codec can't encode character '\U0001f4c5' in position 66: character maps to <undefined>
