[04/08/2026  8:46:30.59] launcher invoked 
OLP XDV daily run — 2026-08-04 — Phase 2 — paper calibration, zero capital
  delivered 3 part(s) to Telegram

PART 0 — HEADER
Date: 2026-08-04 | Mode: Mode A | Phase: Phase 2 — paper calibration, zero capital
Leagues scanned: Eredivisie, Danish Superliga, Belgian Pro League, Scottish Premiership, Ekstraklasa
Calibration: 0 legs logged, CLV logged: ZERO
DATA FLAGS (surfaced first, per HR53/ID403):
  ⚠ graded 0 of 5 pending leg(s)
  ⚠ Eredivisie: odds served from cache (under the 60-minute V2 recency cap)
  ⚠ Danish Superliga: odds served from cache (under the 60-minute V2 recency cap)
  ⚠ Belgian Pro League: odds served from cache (under the 60-minute V2 recency cap)
  ⚠ Scottish Premiership: odds served from cache (under the 60-minute V2 recency cap)
  ⚠ Ekstraklasa: odds served from cache (under the 60-minute V2 recency cap)
  ⚠ Eredivisie: 3 team name(s) in the fixtures feed not found in the fitted data — ADO Den Haag, Cambuur, Willem II. Model knows: AZ Alkmaar, Ajax, Excelsior, Feyenoord, For Sittard, Go Ahead Eagles, Groningen, Heerenveen, Heracles, NAC Breda, Nijmegen, PSV Eindhoven, Sparta Rotterdam, Telstar, Twente, Utrecht, Volendam, Zwolle. If a name above is the same club under a different spelling, add it to TEAM_ALIASES in data/thesportsdb_fixtures.py; if it is newly promoted, it correctly has no rating yet.
  ⚠ Danish Superliga: 2 team name(s) in the fixtures feed not found in the fitted data — AC Horsens, Lyngby. Model knows: Aarhus, Brondby, FC Copenhagen, Fredericia, Midtjylland, Nordsjaelland, Odense, Randers FC, Silkeborg, Sonderjyske, Vejle, Viborg. If a name above is the same club under a different spelling, add it to TEAM_ALIASES in data/thesportsdb_fixtures.py; if it is newly promoted, it correctly has no rating yet.
  ⚠ Belgian Pro League: 3 team name(s) in the fixtures feed not found in the fitted data — Beveren, Kortrijk, Lommel. Model knows: Anderlecht, Antwerp, Cercle Brugge, Charleroi, Club Brugge, Dender, Genk, Gent, Mechelen, Oud-Heverlee Leuven, RAAL La Louviere, St Truiden, St. Gilloise, Standard, Waregem, Westerlo. If a name above is the same club under a different spelling, add it to TEAM_ALIASES in data/thesportsdb_fixtures.py; if it is newly promoted, it correctly has no rating yet.
  ⚠ Scottish Premiership: 1 team name(s) in the fixtures feed not found in the fitted data — St Johnstone. Model knows: Aberdeen, Celtic, Dundee, Dundee United, Falkirk, Hearts, Hibernian, Kilmarnock, Livingston, Motherwell, Rangers, St Mirren. If a name above is the same club under a different spelling, add it to TEAM_ALIASES in data/thesportsdb_fixtures.py; if it is newly promoted, it correctly has no rating yet.
  ⚠ Ekstraklasa: odds served from cache (under the 60-minute V2 recency cap)
  ⚠ Ekstraklasa: 6 fixture(s) derived from the odds feed (no dedicated fixtures source for this league)
  ⚠ Excelsior v PSV Eindhoven: no live price found — NO DATA — PENDING, leg not logged
  ⚠ logged 0 new paper leg(s) with a live entry price
  ⚠ Phase 3 gate: 0 of 30 legs with logged CLV; mean CLV NO DATA — PENDING
HONEST EDGE LINE: this is an excellent informed process but NOT a demonstrated profitable edge.

PART 1 — THE CALL
6 deploy-eligible fixture(s), softness A/B only, capped at 6 (ID402).
MARKED PAPER — Phase 2, zero capital. Nothing here is a live bet.

1. Nijmegen v Telstar (Eredivisie)
   Softness tier A — deploy-eligible
   Data confidence: SINGLE-SOURCE — one source only, no capital on this alone (source: thesportsdb.com)
   Match result (model probabilities):
      Nijmegen to win .......... 66%
      Draw ......................... 18%
      Telstar to win .......... 16%
   Goals: Over 1.5 goals 90% (model) | Over 2.5 goals 74% (model)
   Both teams to score YES 67% (model)
   Expected goals (model): Nijmegen 2.608, Telstar 1.257
   Second opinion — Elo rating engine (ID82), independent of the goals model:
      Nijmegen to win 67% · Draw 21% · Telstar to win 13%
      Both engines agree within tolerance — no divergence flag. Agreement is not proof of a good bet, only of a consistent read.
   Best available market: Draw
      Model probability .......... 18%
      Best quoted price .......... 5.20 decimal (betfair_ex_uk, best of 19 books)
      Breakeven trigger price .... 1.11 or longer
      HR30 numerical MES ......... -4.24% expected value per unit staked — NEGATIVE expected value — the price does not clear the model
      Price captured from the-odds-api.com. Confirm on SportyBet/Bet365 before acting — Architect deploys, not this system.

2. PSV Eindhoven v For Sittard (Eredivisie)
   Softness tier A — deploy-eligible
   Data confidence: SINGLE-SOURCE — one source only, no capital on this alone (source: thesportsdb.com)
   Match result (model probabilities):
      PSV Eindhoven to win .......... 85%
      Draw ......................... 9%
      For Sittard to win .......... 6%
   Goals: Over 1.5 goals 96% (model) | Over 2.5 goals 87% (model)
   Both teams to score YES 66% (model)
   Expected goals (model): PSV Eindhoven 3.879, For Sittard 1.099
   Second opinion — Elo rating engine (ID82), independent of the goals model:
      PSV Eindhoven to win 90% · Draw 8% · For Sittard to win 2%
      Both engines agree within tolerance — no divergence flag. Agreement is not proof of a good bet, only of a consistent read.
   Best available market: PSV Eindhoven to win
      Model probability .......... 85%
      Best quoted price .......... 1.24 decimal (betfair_ex_uk, best of 19 books)
      Breakeven trigger price .... 1.04 or longer
      HR30 numerical MES ......... +5.41% expected value per unit staked — POSITIVE expected value against this price
      Price captured from the-odds-api.com. Confirm on SportyBet/Bet365 before acting — Architect deploys, not this system.

3. Sparta Rotterdam v Feyenoord (Eredivisie)
   Softness tier A — deploy-eligible
   Data confidence: SINGLE-SOURCE — one source only, no capital on this alone (source: thesportsdb.com)
   Match result (model probabilities):
      Sparta Rotterdam to win .......... 20%
      Draw ......................... 23%
      Feyenoord to win .......... 57%
   Goals: Over 1.5 goals 82% (model) | Over 2.5 goals 60% (model)
   Both teams to score YES 59% (model)
   Expected goals (model): Sparta Rotterdam 1.103, Feyenoord 1.983
   Second opinion — Elo rating engine (ID82), independent of the goals model:
      Sparta Rotterdam to win 17% · Draw 26% · Feyenoord to win 58%
      Both engines agree within tolerance — no divergence flag. Agreement is not proof of a good bet, only of a consistent read.
   Best available market: Under 2.5 goals
      Model probability .......... 40%
      Best quoted price .......... 2.50 decimal (williamhill, best of 1 books)
      Breakeven trigger price .... 1.22 or longer
      HR30 numerical MES ......... +1.04% expected value per unit staked — POSITIVE expected value against this price
      Price captured from the-odds-api.com. Confirm on SportyBet/Bet365 before acting — Architect deploys, not this system.

4. Zwolle v Ajax (Eredivisie)
   Softness tier A — deploy-eligible
   Data confidence: SINGLE-SOURCE — one source only, no capital on this alone (source: thesportsdb.com)
   Match result (model probabilities):
      Zwolle to win .......... 20%
      Draw ......................... 23%
      Ajax to win .......... 57%
   Goals: Over 1.5 goals 84% (model) | Over 2.5 goals 62% (model)
   Both teams to score YES 61% (model)
   Expected goals (model): Zwolle 1.162, Ajax 2.033
   Second opinion — Elo rating engine (ID82), independent of the goals model:
      Zwolle to win 17% · Draw 26% · Ajax to win 57%
      Both engines agree within tolerance — no divergence flag. Agreement is not proof of a good bet, only of a consistent read.
   Best available market: Zwolle to win
      Model probability .......... 20%
      Best quoted price .......... 5.70 decimal (betfair_ex_uk, best of 19 books)
      Breakeven trigger price .... 1.19 or longer
      HR30 numerical MES ......... +16.26% expected value per unit staked — POSITIVE expected value against this price
      DIVERGENCE FLAG (ID403.1 V5): model says 20%, this price implies 18% — an implausible +16% expected value. Treat as a REVIEW item, NOT an edge. A discrepancy this size is far more often the model being miscalibrated than the market being wrong. Do not deploy without independent corroboration.
      Price captured from the-odds-api.com. Confirm on SportyBet/Bet365 before acting — Architect deploys, not this system.

5. Excelsior v PSV Eindhoven (Eredivisie)
   Softness tier A — deploy-eligible
   Data confidence: SINGLE-SOURCE — one source only, no capital on this alone (source: thesportsdb.com)
   Match result (model probabilities):
      Excelsior to win .......... 16%
      Draw ......................... 18%
      PSV Eindhoven to win .......... 66%
   Goals: Over 1.5 goals 90% (model) | Over 2.5 goals 74% (model)
   Both teams to score YES 67% (model)
   Expected goals (model): Excelsior 1.256, PSV Eindhoven 2.612
   Second opinion — Elo rating engine (ID82), independent of the goals model:
      Excelsior to win 7% · Draw 15% · PSV Eindhoven to win 78%
      ENGINE DIVERGENCE: Elo and Dixon-Coles differ by +12pp on away win (Elo 7%/15%/78% vs Dixon-Coles 16%/18%/66%). Two independent engines disagreeing is a REVIEW signal, not an edge — treat this fixture as lower confidence until the disagreement is understood.
   HR30 MES trigger price: back only at decimal odds 1.11 or longer (breakeven vs the model).
      Numerical MES: NO DATA — PENDING (HR30 exception — no live price available for this fixture)

6. Sonderjyske v Viborg (Danish Superliga)
   Softness tier A — deploy-eligible
   Data confidence: SINGLE-SOURCE — one source only, no capital on this alone (source: thesportsdb.com)
   Match result (model probabilities):
      Sonderjyske to win .......... 40%
      Draw ......................... 26%
      Viborg to win .......... 34%
   Goals: Over 1.5 goals 80% (model) | Over 2.5 goals 57% (model)
   Both teams to score YES 60% (model)
   Expected goals (model): Sonderjyske 1.534, Viborg 1.414
   Second opinion — Elo rating engine (ID82), independent of the goals model:
      Sonderjyske to win 40% · Draw 30% · Viborg to win 29%
      Both engines agree within tolerance — no divergence flag. Agreement is not proof of a good bet, only of a consistent read.
   Best available market: Sonderjyske to win
      Model probability .......... 40%
      Best quoted price .......... 3.05 decimal (betfair_ex_uk, best of 19 books)
      Breakeven trigger price .... 1.25 or longer
      HR30 numerical MES ......... +20.90% expected value per unit staked — POSITIVE expected value against this price
      DIVERGENCE FLAG (ID403.1 V5): model says 40%, this price implies 33% — an implausible +21% expected value. Treat as a REVIEW item, NOT an edge. A discrepancy this size is far more often the model being miscalibrated than the market being wrong. Do not deploy without independent corroboration.
      Price captured from the-odds-api.com. Confirm on SportyBet/Bet365 before acting — Architect deploys, not this system.

PART 2 — THE SCAN
Fixture | 1X2 | O1.5/O2.5 | DC/BTTS | Src
Cambuur v Excelsior (Eredivisie) | NO DATA — PENDING | — | — | ○
Nijmegen v Telstar (Eredivisie) | Nijmegen·66% | O90 / O74 | 1X84 / Y67 | ○
Go Ahead Eagles v Willem II (Eredivisie) | NO DATA — PENDING | — | — | ○
PSV Eindhoven v For Sittard (Eredivisie) | PSV Eindho·85% | O96 / O87 | 1X94 / Y66 | ○
AZ Alkmaar v ADO Den Haag (Eredivisie) | NO DATA — PENDING | — | — | ○
Sparta Rotterdam v Feyenoord (Eredivisie) | Feyenoord·57% | O82 / O60 | X280 / Y59 | ○
Zwolle v Ajax (Eredivisie) | Ajax·57% | O84 / O62 | X280 / Y61 | ○
Groningen v Utrecht (Eredivisie) | Groningen·38% | O70 / U57 | 1270 / Y50 | ○
Heerenveen v Twente (Eredivisie) | Twente·37% | O79 / O55 | 1273 / Y59 | ○
Telstar v Sparta Rotterdam (Eredivisie) | Telstar·55% | O79 / O55 | 1X80 / Y55 | ○
Willem II v Nijmegen (Eredivisie) | NO DATA — PENDING | — | — | ○
Utrecht v AZ Alkmaar (Eredivisie) | Utrecht·49% | O79 / O54 | 1X75 / Y57 | ○
Excelsior v PSV Eindhoven (Eredivisie) | PSV Eindho·66% | O90 / O74 | X284 / Y67 | ○
For Sittard v Cambuur (Eredivisie) | NO DATA — PENDING | — | — | ○
ADO Den Haag v Groningen (Eredivisie) | NO DATA — PENDING | — | — | ○
Sonderjyske v Viborg (Danish Superliga) | Sonderjysk·40% | O80 / O57 | 1274 / Y60 | ○
Randers FC v Lyngby (Danish Superliga) | NO DATA — PENDING | — | — | ○
AC Horsens v Brondby (Danish Superliga) | NO DATA — PENDING | — | — | ○
Club Brugge v Kortrijk (Belgian Pro League) | NO DATA — PENDING | — | — | ○
Standard v Cercle Brugge (Belgian Pro League) | Standard·43% | O75 / U51 | 1273 / Y54 | ○
Westerlo v St. Gilloise (Belgian Pro League) | St. Gilloi·61% | O68 / U59 | X286 / N60 | ○
St Truiden v Lommel (Belgian Pro League) | NO DATA — PENDING | — | — | ○
Charleroi v Oud-Heverlee Leuven (Belgian Pro League) | Charleroi·50% | O70 / U56 | 1X78 / N52 | ○
Gent v Mechelen (Belgian Pro League) | Gent·46% | O76 / O51 | 1273 / Y55 | ○
Waregem v Genk (Belgian Pro League) | Waregem·39% | O82 / O60 | 1275 / Y63 | ○
Anderlecht v RAAL La Louviere (Belgian Pro League) | Anderlecht·53% | O75 / U50 | 1X79 / Y51 | ○
Antwerp v Beveren (Belgian Pro League) | NO DATA — PENDING | — | — | ○
Cercle Brugge v St Truiden (Belgian Pro League) | St Truiden·49% | O82 / O60 | 1276 / Y61 | ○
St. Gilloise v Waregem (Belgian Pro League) | St. Gilloi·68% | O74 / U51 | 1X89 / N58 | ○
Kortrijk v Antwerp (Belgian Pro League) | NO DATA — PENDING | — | — | ○
Oud-Heverlee Leuven v Club Brugge (Belgian Pro League) | Club Brugg·69% | O85 / O65 | X288 / Y56 | ○
Genk v Westerlo (Belgian Pro League) | Genk·48% | O79 / O55 | 1274 / Y58 | ○
Beveren v Anderlecht (Belgian Pro League) | NO DATA — PENDING | — | — | ○
St Mirren v St Johnstone (Scottish Premiership) | NO DATA — PENDING | — | — | ○
Dundee v Aberdeen (Scottish Premiership) | Dundee·41% | O68 / U60 | 1X72 / N52 | ○
Hearts v Dundee United (Scottish Premiership) | Hearts·73% | O81 / O58 | 1X92 / N54 | ○
Motherwell v Falkirk (Scottish Premiership) | Motherwell·65% | O78 / O53 | 1X87 / N52 | ○
Kilmarnock v Celtic (Scottish Premiership) | Celtic·60% | O86 / O65 | X282 / Y62 | ○
Rangers v Hibernian (Scottish Premiership) | Rangers·55% | O81 / O58 | 1X80 / Y58 | ○
Pogon Szczecin v Motor Lublin (Ekstraklasa) | Pogon Szcz·51% | O81 / O58 | 1X75 / Y59 | ○
Radomiak Radom v Gornik Zabrze (Ekstraklasa) | Radomiak R·38% | O79 / O55 | 1273 / Y59 | ○
Lech Poznan v Piast Gliwice (Ekstraklasa) | Lech Pozna·61% | O82 / O60 | 1X83 / Y57 | ○
Korona Kielce v Legia (Ekstraklasa) | Korona Kie·38% | O59 / U69 | 1X71 / N61 | ○
Rakow v Zaglebie (Ekstraklasa) | Rakow·46% | O69 / U58 | 1X75 / N53 | ○
Jagiellonia v Widzew Lodz (Ekstraklasa) | Jagielloni·54% | O74 / U52 | 1X81 / N51 | ○

PART 3 — REJECTED / WATCHLIST
Cambuur v Excelsior (Eredivisie): NO DATA — PENDING: 'Cambuur' does not appear in the fitted data at all — either the fixtures source spells it differently from the results source (a name-mapping gap, NOT missing data), or it is newly promoted with no prior-season history
Go Ahead Eagles v Willem II (Eredivisie): NO DATA — PENDING: 'Willem II' does not appear in the fitted data at all — either the fixtures source spells it differently from the results source (a name-mapping gap, NOT missing data), or it is newly promoted with no prior-season history
AZ Alkmaar v ADO Den Haag (Eredivisie): NO DATA — PENDING: 'ADO Den Haag' does not appear in the fitted data at all — either the fixtures source spells it differently from the results source (a name-mapping gap, NOT missing data), or it is newly promoted with no prior-season history
Willem II v Nijmegen (Eredivisie): NO DATA — PENDING: 'Willem II' does not appear in the fitted data at all — either the fixtures source spells it differently from the results source (a name-mapping gap, NOT missing data), or it is newly promoted with no prior-season history
For Sittard v Cambuur (Eredivisie): NO DATA — PENDING: 'Cambuur' does not appear in the fitted data at all — either the fixtures source spells it differently from the results source (a name-mapping gap, NOT missing data), or it is newly promoted with no prior-season history
ADO Den Haag v Groningen (Eredivisie): NO DATA — PENDING: 'ADO Den Haag' does not appear in the fitted data at all — either the fixtures source spells it differently from the results source (a name-mapping gap, NOT missing data), or it is newly promoted with no prior-season history
Randers FC v Lyngby (Danish Superliga): NO DATA — PENDING: 'Lyngby' does not appear in the fitted data at all — either the fixtures source spells it differently from the results source (a name-mapping gap, NOT missing data), or it is newly promoted with no prior-season history
AC Horsens v Brondby (Danish Superliga): NO DATA — PENDING: 'AC Horsens' does not appear in the fitted data at all — either the fixtures source spells it differently from the results source (a name-mapping gap, NOT missing data), or it is newly promoted with no prior-season history
Club Brugge v Kortrijk (Belgian Pro League): NO DATA — PENDING: 'Kortrijk' does not appear in the fitted data at all — either the fixtures source spells it differently from the results source (a name-mapping gap, NOT missing data), or it is newly promoted with no prior-season history
St Truiden v Lommel (Belgian Pro League): NO DATA — PENDING: 'Lommel' does not appear in the fitted data at all — either the fixtures source spells it differently from the results source (a name-mapping gap, NOT missing data), or it is newly promoted with no prior-season history
Antwerp v Beveren (Belgian Pro League): NO DATA — PENDING: 'Beveren' does not appear in the fitted data at all — either the fixtures source spells it differently from the results source (a name-mapping gap, NOT missing data), or it is newly promoted with no prior-season history
Kortrijk v Antwerp (Belgian Pro League): NO DATA — PENDING: 'Kortrijk' does not appear in the fitted data at all — either the fixtures source spells it differently from the results source (a name-mapping gap, NOT missing data), or it is newly promoted with no prior-season history
Beveren v Anderlecht (Belgian Pro League): NO DATA — PENDING: 'Beveren' does not appear in the fitted data at all — either the fixtures source spells it differently from the results source (a name-mapping gap, NOT missing data), or it is newly promoted with no prior-season history
St Mirren v St Johnstone (Scottish Premiership): NO DATA — PENDING: 'St Johnstone' does not appear in the fitted data at all — either the fixtures source spells it differently from the results source (a name-mapping gap, NOT missing data), or it is newly promoted with no prior-season history

PART 4 — DATA INTEGRITY (ID403 counts)
VERIFIED: 0
SINGLE-SOURCE: 45
CONFLICT: 0
NO-DATA: 0
DERIVED: 0

PART 5 — HARD RULES + SIGN-OFF

Honest edge statement: the framework is an excellent informed process but NOT a demonstrated profitable edge.
Capital authority: THE ARCHITECT. Nothing here is live until the Architect deploys it.

============================================================

VERIFY RESULTS
Fixture | FT | 1X2/DC | O1.5/O2.5 | BTTS | Hit
[04/08/2026  8:46:41.58] python exited with 0 
