[2026-09-01T04:00:02.788Z] ═══════════════════════════════════════════════════════════
[2026-09-01T04:00:02.908Z] 🔍 TEAM NAME AUDIT STARTED
[2026-09-01T04:00:02.917Z] ═══════════════════════════════════════════════════════════
[2026-09-01T04:00:02.920Z] 
📦 Loading source data...
[2026-09-01T04:00:02.979Z] 📥 Extracting team names...
[2026-09-01T04:00:02.989Z]    TSDB leagues: 39
[2026-09-01T04:00:02.997Z]    SportyBet mapped: 867
[2026-09-01T04:00:03.012Z]    SportyBet cached leagues: 0
[2026-09-01T04:00:03.144Z] 
🔍 Analyzing discrepancies...
[2026-09-01T04:00:15.517Z] 
📊 Generating report...
[2026-09-01T04:00:15.532Z]    JSON report: c:\Users\Motunrayo\omniroute test\olp_xdv_agent\olp_xdv\data\team-name-audit\report-2026-09-01.json
[2026-09-01T04:00:15.537Z]    Markdown report: c:\Users\Motunrayo\omniroute test\olp_xdv_agent\olp_xdv\data\team-name-audit\report-2026-09-01.md
[2026-09-01T04:00:15.539Z] 
🔧 Applying safe auto-fixes...
[2026-09-01T04:00:15.542Z]    Applied: 0
[2026-09-01T04:00:15.544Z] 
═══════════════════════════════════════════════════════════
[2026-09-01T04:00:15.555Z] ✅ TEAM NAME AUDIT COMPLETE
[2026-09-01T04:00:15.558Z]    Additions needed: 166
[2026-09-01T04:00:15.561Z]    Collisions: 647
[2026-09-01T04:00:15.568Z]    Warnings: 122
[2026-09-01T04:00:15.576Z]    Auto-applied: 0
[2026-09-01T04:00:15.579Z] ═══════════════════════════════════════════════════════════

