[2026-08-21T01:03:02.083Z] ═══════════════════════════════════════════════════════════
[2026-08-21T01:03:02.092Z] 🔍 TEAM NAME AUDIT STARTED
[2026-08-21T01:03:02.092Z] ═══════════════════════════════════════════════════════════
[2026-08-21T01:03:02.093Z] 
📦 Loading source data...
[2026-08-21T01:03:02.095Z] 📥 Extracting team names...
[2026-08-21T01:03:02.097Z]    TSDB leagues: 39
[2026-08-21T01:03:02.099Z]    SportyBet mapped: 212
[2026-08-21T01:03:02.117Z]    SportyBet cached leagues: 48
[2026-08-21T01:03:02.119Z] 
🔍 Analyzing discrepancies...
[2026-08-21T01:03:02.617Z] 
📊 Generating report...
[2026-08-21T01:03:02.625Z]    JSON report: c:\Users\Motunrayo\omniroute test\olp_xdv_agent\olp_xdv\data\team-name-audit\report-2026-08-21.json
[2026-08-21T01:03:02.629Z]    Markdown report: c:\Users\Motunrayo\omniroute test\olp_xdv_agent\olp_xdv\data\team-name-audit\report-2026-08-21.md
[2026-08-21T01:03:02.630Z] 
🔧 Applying safe auto-fixes...
[2026-08-21T01:03:02.631Z] 
❌ FATAL: Assignment to constant variable.
[2026-08-21T01:05:38.017Z] ═══════════════════════════════════════════════════════════
[2026-08-21T01:05:38.023Z] 🔍 TEAM NAME AUDIT STARTED
[2026-08-21T01:05:38.023Z] ═══════════════════════════════════════════════════════════
[2026-08-21T01:05:38.024Z] 
📦 Loading source data...
[2026-08-21T01:05:38.026Z] 📥 Extracting team names...
[2026-08-21T01:05:38.028Z]    TSDB leagues: 39
[2026-08-21T01:05:38.029Z]    SportyBet mapped: 212
[2026-08-21T01:05:38.043Z]    SportyBet cached leagues: 48
[2026-08-21T01:05:38.043Z] 
🔍 Analyzing discrepancies...
[2026-08-21T01:05:38.554Z] 
📊 Generating report...
[2026-08-21T01:05:38.559Z]    JSON report: c:\Users\Motunrayo\omniroute test\olp_xdv_agent\olp_xdv\data\team-name-audit\report-2026-08-21.json
[2026-08-21T01:05:38.562Z]    Markdown report: c:\Users\Motunrayo\omniroute test\olp_xdv_agent\olp_xdv\data\team-name-audit\report-2026-08-21.md
[2026-08-21T01:05:38.563Z] 
🔧 Applying safe auto-fixes...
[2026-08-21T01:05:38.575Z] Auto-applied 444 identity mappings to team_map.py
[2026-08-21T01:05:38.576Z]    Applied: 444
[2026-08-21T01:05:38.576Z] 
═══════════════════════════════════════════════════════════
[2026-08-21T01:05:38.577Z] ✅ TEAM NAME AUDIT COMPLETE
[2026-08-21T01:05:38.577Z]    Additions needed: 748
[2026-08-21T01:05:38.578Z]    Collisions: 155
[2026-08-21T01:05:38.579Z]    Warnings: 11
[2026-08-21T01:05:38.579Z]    Auto-applied: 444
[2026-08-21T01:05:38.580Z] ═══════════════════════════════════════════════════════════

